#-----------------------------------------------------------
# Vivado v2015.2 (64-bit)
# SW Build 1266856 on Fri Jun 26 16:35:25 MDT 2015
# IP Build 1264090 on Wed Jun 24 14:22:01 MDT 2015
# Start of session at: Wed Nov 02 13:02:38 2016
# Process ID: 8388
# Log file: C:/Users/Eddie Richter/Desktop/ECE 369/LAB1-3/Lab1/vivado.log
# Journal file: C:/Users/Eddie Richter/Desktop/ECE 369/LAB1-3/Lab1\vivado.jou
#-----------------------------------------------------------
start_gui
open_project {C:/Users/Eddie Richter/Desktop/ECE 369/LAB1-3/Lab1/Lab1.xpr}
update_compile_order -fileset sources_1
update_compile_order -fileset sources_1
update_compile_order -fileset sources_1
close [ open {C:/Users/Eddie Richter/Desktop/ECE 369/LAB1-3/Lab1/Lab1.srcs/sources_1/new/InstructionDecodeUnit.v} w ]
add_files {{C:/Users/Eddie Richter/Desktop/ECE 369/LAB1-3/Lab1/Lab1.srcs/sources_1/new/InstructionDecodeUnit.v}}
update_compile_order -fileset sources_1
close [ open {C:/Users/Eddie Richter/Desktop/ECE 369/LAB1-3/Lab1/Lab1.srcs/sources_1/new/ExecuteUnit.v} w ]
add_files {{C:/Users/Eddie Richter/Desktop/ECE 369/LAB1-3/Lab1/Lab1.srcs/sources_1/new/ExecuteUnit.v}}
update_compile_order -fileset sources_1
close [ open {C:/Users/Eddie Richter/Desktop/ECE 369/LAB1-3/Lab1/Lab1.srcs/sources_1/new/MemoryUnit.v} w ]
add_files {{C:/Users/Eddie Richter/Desktop/ECE 369/LAB1-3/Lab1/Lab1.srcs/sources_1/new/MemoryUnit.v}}
update_compile_order -fileset sources_1
close [ open {C:/Users/Eddie Richter/Desktop/ECE 369/LAB1-3/Lab1/Lab1.srcs/sources_1/new/WriteBackUnit.v} w ]
add_files {{C:/Users/Eddie Richter/Desktop/ECE 369/LAB1-3/Lab1/Lab1.srcs/sources_1/new/WriteBackUnit.v}}
update_compile_order -fileset sources_1
update_compile_order -fileset sources_1
update_compile_order -fileset sources_1
update_compile_order -fileset sources_1
update_compile_order -fileset sources_1
update_compile_order -fileset sources_1
update_compile_order -fileset sources_1
update_compile_order -fileset sources_1
close [ open {C:/Users/Eddie Richter/Desktop/ECE 369/LAB1-3/Lab1/Lab1.srcs/sources_1/new/Pipe2Reg.v} w ]
add_files {{C:/Users/Eddie Richter/Desktop/ECE 369/LAB1-3/Lab1/Lab1.srcs/sources_1/new/Pipe2Reg.v}}
update_compile_order -fileset sources_1
update_compile_order -fileset sources_1
close [ open {C:/Users/Eddie Richter/Desktop/ECE 369/LAB1-3/Lab1/Lab1.srcs/sources_1/new/Pipe3Reg.v} w ]
add_files {{C:/Users/Eddie Richter/Desktop/ECE 369/LAB1-3/Lab1/Lab1.srcs/sources_1/new/Pipe3Reg.v}}
update_compile_order -fileset sources_1
update_compile_order -fileset sources_1
close [ open {C:/Users/Eddie Richter/Desktop/ECE 369/LAB1-3/Lab1/Lab1.srcs/sources_1/new/Pipe4Reg.v} w ]
add_files {{C:/Users/Eddie Richter/Desktop/ECE 369/LAB1-3/Lab1/Lab1.srcs/sources_1/new/Pipe4Reg.v}}
update_compile_order -fileset sources_1
update_compile_order -fileset sources_1
update_compile_order -fileset sources_1
update_compile_order -fileset sources_1
update_compile_order -fileset sources_1
